EXTI_program.c:24:6:EXTI_voidInit	4	static
EXTI_program.c:135:6:EXTI_voidEnableLine	16	static
EXTI_program.c:139:6:EXTI_voidSetSignalLatch	16	static
EXTI_program.c:155:6:EXTI_voidDisableLine	16	static
EXTI_program.c:159:6:EXTI0_voidSetCallBack	16	static
EXTI_program.c:167:6:EXTI1_voidSetCallBack	16	static
EXTI_program.c:175:6:EXTI5_voidSetCallBack	16	static
EXTI_program.c:183:6:EXTI9_voidSetCallBack	16	static
EXTI_program.c:191:6:EXTI_voidSetSoftwareTrigger	16	static
EXTI_program.c:196:6:EXTI0_IRQHandler	8	static
EXTI_program.c:201:6:EXTI1_IRQHandler	8	static
EXTI_program.c:207:6:EXTI9_5_IRQHandler	8	static
